\BOOKMARK [0][-]{chapter.1}{\376\377\000I\000n\000t\000r\000o\000d\000u\000c\000t\000i\000o\000n}{}% 1
\BOOKMARK [1][-]{section.1.1}{\376\377\000P\000u\000r\000p\000o\000s\000e}{chapter.1}% 2
\BOOKMARK [1][-]{section.1.2}{\376\377\000O\000v\000e\000r\000v\000i\000e\000w\000\040\000o\000f\000\040\000a\000v\000a\000i\000l\000a\000b\000l\000e\000\040\000r\000o\000b\000o\000t\000\040\000t\000y\000p\000e\000s\000\040\000a\000n\000d\000\040\000c\000o\000n\000t\000r\000o\000l\000l\000e\000r\000s}{chapter.1}% 3
\BOOKMARK [2][-]{subsection.1.2.1}{\376\377\000S\000u\000p\000p\000o\000r\000t\000e\000d\000\040\000r\000o\000b\000o\000t\000s}{section.1.2}% 4
\BOOKMARK [1][-]{section.1.3}{\376\377\000U\000s\000a\000g\000e\000\040\000i\000n\000s\000t\000r\000u\000c\000t\000i\000o\000n\000s}{chapter.1}% 5
\BOOKMARK [0][-]{chapter.2}{\376\377\000I\000n\000s\000t\000a\000l\000l\000a\000t\000i\000o\000n}{}% 6
\BOOKMARK [1][-]{section.2.1}{\376\377\000S\000o\000f\000t\000w\000a\000r\000e\000\040\000d\000e\000p\000e\000n\000d\000e\000n\000c\000i\000e\000s}{chapter.2}% 7
\BOOKMARK [1][-]{section.2.2}{\376\377\000I\000n\000s\000t\000a\000l\000l\000a\000t\000i\000o\000n\000\040\000s\000t\000e\000p\000s}{chapter.2}% 8
\BOOKMARK [2][-]{subsection.2.2.1}{\376\377\000P\000y\000t\000h\000o\000n\000\040\000p\000a\000c\000k\000a\000g\000e\000\040\000-\000\040\000p\000i\000p}{section.2.2}% 9
\BOOKMARK [2][-]{subsection.2.2.2}{\376\377\000V\000i\000r\000t\000u\000a\000l\000\040\000m\000a\000c\000h\000i\000n\000e\000\040\000-\000\040\000D\000o\000c\000k\000e\000r}{section.2.2}% 10
\BOOKMARK [2][-]{subsection.2.2.3}{\376\377\000N\000a\000t\000i\000v\000e\000\040\000i\000n\000s\000t\000a\000l\000l\000a\000t\000i\000o\000n\000\040\000\050\000i\000n\000s\000t\000a\000l\000l\000i\000n\000g\000\040\000u\000b\000u\000n\000t\000u\000\051}{section.2.2}% 11
\BOOKMARK [1][-]{section.2.3}{\376\377\000I\000n\000s\000t\000a\000l\000l\000i\000n\000g\000\040\000a\000l\000o\000n\000g\000\040\000w\000i\000t\000h\000\040\000R\000O\000S\0002}{chapter.2}% 12
\BOOKMARK [2][-]{subsection.2.3.1}{\376\377\000R\000O\000S\000\040\000c\000o\000n\000t\000a\000i\000n\000e\000r\000s\000\040\000r\000e\000p\000o}{section.2.3}% 13
\BOOKMARK [0][-]{chapter.3}{\376\377\000R\000e\000q\000u\000i\000r\000e\000d\000\040\000p\000r\000i\000o\000r\000\040\000k\000n\000o\000w\000l\000e\000d\000g\000e}{}% 14
\BOOKMARK [1][-]{section.3.1}{\376\377\000A\000s\000s\000u\000m\000e\000d\000\040\000p\000r\000i\000o\000r\000\040\000k\000n\000o\000w\000l\000e\000d\000g\000e}{chapter.3}% 15
\BOOKMARK [1][-]{section.3.2}{\376\377\000T\000o\000p\000i\000c\000s\000\040\000c\000o\000v\000e\000r\000e\000d\000\040\000i\000n\000\040\000p\000r\000e\000-\000r\000e\000q\000u\000i\000s\000i\000t\000e\000s\000\040\000t\000u\000t\000o\000r\000i\000a\000l\000s}{chapter.3}% 16
\BOOKMARK [1][-]{section.3.3}{\376\377\000R\000o\000b\000o\000t\000i\000c\000s}{chapter.3}% 17
\BOOKMARK [2][-]{subsection.3.3.1}{\376\377\000B\000a\000s\000i\000c\000\040\000t\000e\000r\000m\000i\000n\000o\000l\000o\000g\000y}{section.3.3}% 18
\BOOKMARK [2][-]{subsection.3.3.2}{\376\377\000G\000e\000o\000m\000e\000t\000r\000y}{section.3.3}% 19
\BOOKMARK [0][-]{chapter.4}{\376\377\000S\000M\000C\000\040\000S\000o\000f\000t\000w\000a\000r\000e\000\040\000a\000r\000c\000h\000i\000t\000e\000c\000t\000u\000r\000e}{}% 20
\BOOKMARK [1][-]{section.4.1}{\376\377\000R\000o\000b\000o\000t\000\040\000c\000l\000a\000s\000s\000e\000s}{chapter.4}% 21
\BOOKMARK [2][-]{subsection.4.1.1}{\376\377\000A\000b\000s\000t\000r\000a\000c\000t\000R\000o\000b\000o\000t\000M\000a\000n\000a\000g\000e\000r}{section.4.1}% 22
\BOOKMARK [2][-]{subsection.4.1.2}{\376\377\000M\000o\000b\000i\000l\000e\000\040\000b\000a\000s\000e}{section.4.1}% 23
\BOOKMARK [2][-]{subsection.4.1.3}{\376\377\000S\000i\000n\000g\000l\000e\000\040\000a\000r\000m\000\040\000i\000n\000t\000e\000r\000f\000a\000c\000e}{section.4.1}% 24
\BOOKMARK [2][-]{subsection.4.1.4}{\376\377\000D\000u\000a\000l\000\040\000a\000r\000m\000\040\000r\000o\000b\000o\000t\000s}{section.4.1}% 25
\BOOKMARK [2][-]{subsection.4.1.5}{\376\377\000S\000i\000n\000g\000l\000e\000\040\000a\000r\000m\000\040\000m\000o\000b\000i\000l\000e\000\040\000r\000o\000b\000o\000t\000s}{section.4.1}% 26
\BOOKMARK [2][-]{subsection.4.1.6}{\376\377\000D\000u\000a\000l\000\040\000a\000r\000m\000\040\000m\000o\000b\000i\000l\000e\000\040\000r\000o\000b\000o\000t\000s}{section.4.1}% 27
\BOOKMARK [2][-]{subsection.4.1.7}{\376\377\000F\000o\000r\000c\000e\000T\000o\000r\000q\000u\000e\000S\000e\000n\000s\000o\000r\000I\000n\000t\000e\000r\000f\000a\000c\000e}{section.4.1}% 28
\BOOKMARK [1][-]{section.4.2}{\376\377\000C\000o\000n\000t\000r\000o\000l\000l\000e\000r\000s}{chapter.4}% 29
\BOOKMARK [2][-]{subsection.4.2.1}{\376\377\000C\000o\000n\000t\000r\000o\000l\000L\000o\000o\000p\000M\000a\000n\000a\000g\000e\000r}{section.4.2}% 30
\BOOKMARK [2][-]{subsection.4.2.2}{\376\377\000C\000o\000n\000t\000r\000o\000l\000L\000o\000o\000p\000T\000e\000m\000p\000l\000a\000t\000e\000s}{section.4.2}% 31
\BOOKMARK [2][-]{subsection.4.2.3}{\376\377\000G\000e\000n\000e\000r\000i\000c\000C\000o\000n\000t\000r\000o\000l\000L\000o\000o\000p}{section.4.2}% 32
\BOOKMARK [1][-]{section.4.3}{\376\377\000M\000u\000l\000t\000i\000p\000r\000o\000c\000e\000s\000s\000i\000n\000g\000\040\000a\000n\000d\000\040\000n\000e\000t\000w\000o\000r\000k\000i\000n\000g\000\040\000i\000n\000\040\000S\000M\000C}{chapter.4}% 33
\BOOKMARK [2][-]{subsection.4.3.1}{\376\377\000P\000r\000o\000c\000e\000s\000s\000M\000a\000n\000a\000g\000e\000r}{section.4.3}% 34
\BOOKMARK [2][-]{subsection.4.3.2}{\376\377\000M\000u\000l\000t\000i\000p\000r\000o\000c\000e\000s\000s\000i\000n\000g\000\040\000e\000x\000a\000m\000p\000l\000e\000s}{section.4.3}% 35
\BOOKMARK [2][-]{subsection.4.3.3}{\376\377\000N\000e\000t\000w\000o\000r\000k\000i\000n\000g}{section.4.3}% 36
\BOOKMARK [1][-]{section.4.4}{\376\377\000M\000u\000l\000t\000i\000p\000r\000o\000c\000e\000s\000s\000i\000n\000g\000\040\000i\000n\000\040\000R\000O\000S\0002}{chapter.4}% 37
\BOOKMARK [1][-]{section.4.5}{\376\377\000Q\000u\000a\000l\000i\000t\000y\000\040\000o\000f\000\040\000l\000i\000f\000e\000\040\000f\000e\000a\000t\000u\000r\000e\000s}{chapter.4}% 38
\BOOKMARK [2][-]{subsection.4.5.1}{\376\377\000V\000i\000s\000u\000a\000l\000i\000z\000e\000r}{section.4.5}% 39
\BOOKMARK [2][-]{subsection.4.5.2}{\376\377\000P\000l\000o\000t\000t\000e\000r}{section.4.5}% 40
\BOOKMARK [1][-]{section.4.6}{\376\377\000S\000u\000g\000g\000e\000s\000t\000e\000d\000\040\000w\000o\000r\000k\000f\000l\000o\000w}{chapter.4}% 41
\BOOKMARK [2][-]{subsection.4.6.1}{\376\377\000W\000r\000i\000t\000i\000n\000g\000\040\000a\000\040\000n\000e\000w\000\040\000p\000r\000o\000g\000r\000a\000m\000/\000s\000c\000r\000i\000p\000t}{section.4.6}% 42
\BOOKMARK [2][-]{subsection.4.6.2}{\376\377\000W\000r\000i\000t\000i\000n\000g\000\040\000a\000\040\000n\000e\000w\000\040\000c\000o\000n\000t\000r\000o\000l\000l\000e\000r}{section.4.6}% 43
\BOOKMARK [2][-]{subsection.4.6.3}{\376\377\000A\000s\000s\000e\000s\000s\000i\000n\000g\000\040\000p\000e\000r\000f\000o\000r\000m\000a\000n\000c\000e}{section.4.6}% 44
\BOOKMARK [2][-]{subsection.4.6.4}{\376\377\000P\000r\000e\000p\000a\000r\000i\000n\000g\000\040\000f\000o\000r\000\040\000a\000\040\000h\000a\000r\000d\000w\000a\000r\000e\000\040\000e\000x\000p\000e\000r\000i\000m\000e\000n\000t}{section.4.6}% 45
\BOOKMARK [0][-]{chapter.5}{\376\377\000C\000o\000n\000t\000r\000o\000l}{}% 46
\BOOKMARK [1][-]{section.5.1}{\376\377\000S\000h\000o\000r\000t\000\040\000i\000n\000t\000r\000o\000d\000u\000c\000t\000i\000o\000n}{chapter.5}% 47
\BOOKMARK [2][-]{subsection.5.1.1}{\376\377\000S\000o\000m\000e\000\040\000c\000o\000m\000m\000o\000n\000\040\000c\000o\000n\000t\000r\000o\000l\000\040\000a\000p\000p\000r\000o\000a\000c\000h\000e\000s}{section.5.1}% 48
\BOOKMARK [1][-]{section.5.2}{\376\377\000N\000o\000t\000a\000t\000i\000o\000n}{chapter.5}% 49
\BOOKMARK [1][-]{section.5.3}{\376\377\000J\000o\000i\000n\000t\000-\000s\000p\000a\000c\000e\000\040\000c\000o\000n\000t\000r\000o\000l}{chapter.5}% 50
\BOOKMARK [2][-]{subsection.5.3.1}{\376\377\000J\000o\000i\000n\000t\000-\000s\000p\000a\000c\000e\000\040\000v\000e\000l\000o\000c\000i\000t\000y\000\040\000c\000o\000n\000t\000r\000o\000l}{section.5.3}% 51
\BOOKMARK [2][-]{subsection.5.3.2}{\376\377\000J\000o\000i\000n\000t\000-\000s\000p\000a\000c\000e\000\040\000t\000o\000r\000q\000u\000e\000\040\000c\000o\000n\000t\000r\000o\000l}{section.5.3}% 52
\BOOKMARK [1][-]{section.5.4}{\376\377\000C\000a\000r\000t\000e\000s\000i\000a\000n\000\040\000c\000o\000n\000t\000r\000o\000l}{chapter.5}% 53
\BOOKMARK [2][-]{subsection.5.4.1}{\376\377\000C\000a\000r\000t\000e\000s\000i\000a\000n\000\040\000s\000p\000a\000c\000e\000\040\000v\000e\000l\000o\000c\000i\000t\000y\000\040\000c\000o\000n\000t\000r\000o\000l}{section.5.4}% 54
\BOOKMARK [2][-]{subsection.5.4.2}{\376\377\000I\000n\000v\000e\000r\000s\000e\000\040\000k\000i\000n\000e\000m\000a\000t\000i\000c\000s\000\040\000s\000o\000l\000v\000e\000r\000s}{section.5.4}% 55
\BOOKMARK [2][-]{subsection.5.4.3}{\376\377\000P\000a\000t\000h\000\040\000f\000o\000l\000l\000o\000w\000i\000n\000g\000\040\000C\000a\000r\000t\000e\000s\000i\000a\000n\000\040\000v\000e\000l\000o\000c\000i\000t\000y\000\040\000c\000o\000n\000t\000r\000o\000l}{section.5.4}% 56
\BOOKMARK [2][-]{subsection.5.4.4}{\376\377\000C\000a\000r\000t\000e\000s\000i\000a\000n\000\040\000s\000p\000a\000c\000e\000\040\000t\000o\000r\000q\000u\000e\000\040\000c\000o\000n\000t\000r\000o\000l}{section.5.4}% 57
\BOOKMARK [1][-]{section.5.5}{\376\377\000O\000p\000t\000i\000m\000a\000l\000\040\000c\000o\000n\000t\000r\000o\000l}{chapter.5}% 58
\BOOKMARK [2][-]{subsection.5.5.1}{\376\377\000T\000u\000r\000n\000i\000n\000g\000\040\000O\000C\000P\000s\000\040\000i\000n\000t\000o\000\040\000M\000P\000C\000s}{section.5.5}% 59
\BOOKMARK [2][-]{subsection.5.5.2}{\376\377\000G\000e\000n\000e\000r\000i\000c\000\040\000O\000C\000P\000\040\000c\000o\000m\000p\000o\000n\000e\000n\000t\000s}{section.5.5}% 60
\BOOKMARK [2][-]{subsection.5.5.3}{\376\377\000P\000o\000i\000n\000t\000\040\000t\000o\000\040\000p\000o\000i\000n\000t}{section.5.5}% 61
\BOOKMARK [1][-]{section.5.6}{\376\377\000T\000r\000a\000j\000e\000c\000t\000o\000r\000y\000\040\000f\000o\000l\000l\000o\000w\000i\000n\000g}{chapter.5}% 62
\BOOKMARK [1][-]{section.5.7}{\376\377\000[\000T\000O\000D\000O\000]\000\040\000N\000a\000v\000i\000g\000a\000t\000i\000o\000n\000\040\000\050\000m\000o\000b\000i\000l\000e\000\040\000b\000a\000s\000e\000\040\000c\000o\000n\000t\000r\000o\000l\000\051}{chapter.5}% 63
\BOOKMARK [0][-]{chapter.6}{\376\377\000D\000y\000n\000a\000m\000i\000c\000\040\000m\000o\000t\000i\000o\000n\000\040\000p\000r\000i\000m\000i\000t\000i\000v\000e\000s}{}% 64
\BOOKMARK [0][-]{chapter.7}{\376\377\000P\000a\000t\000h\000\040\000p\000l\000a\000n\000n\000i\000n\000g}{}% 65
\BOOKMARK [1][-]{section.7.1}{\376\377\000[\000T\000O\000D\000O\000:\000\040\000e\000x\000p\000a\000n\000d\000\040\000a\000\040\000b\000i\000t\000]\000\040\000S\000t\000a\000r\000s\000h\000a\000p\000e\000d\000\040\000p\000l\000a\000n\000n\000e\000r}{chapter.7}% 66
\BOOKMARK [1][-]{section.7.2}{\376\377\000T\000O\000D\000O\000:\000\040\000S\000i\000m\000u\000l\000a\000t\000e\000d\000\040\000m\000a\000p}{chapter.7}% 67
\BOOKMARK [1][-]{section.7.3}{\376\377\000U\000p\000d\000a\000t\000i\000n\000g\000\040\000m\000a\000p\000\040\000f\000r\000o\000m\000\040\000s\000e\000n\000s\000o\000r\000s}{chapter.7}% 68
\BOOKMARK [1][-]{section.7.4}{\376\377\000L\000o\000c\000a\000l\000i\000z\000a\000t\000i\000o\000n\000\040\000a\000n\000d\000\040\000n\000a\000v\000i\000g\000a\000t\000i\000o\000n}{chapter.7}% 69
\BOOKMARK [1][-]{section.7.5}{\376\377\000L\000o\000c\000a\000l\000i\000z\000a\000t\000i\000o\000n}{chapter.7}% 70
\BOOKMARK [2][-]{subsection.7.5.1}{\376\377\000N\000a\000v\000i\000g\000a\000t\000i\000o\000n}{section.7.5}% 71
\BOOKMARK [0][-]{chapter.8}{\376\377\000C\000o\000m\000p\000u\000t\000e\000r\000\040\000v\000i\000s\000i\000o\000n}{}% 72
\BOOKMARK [1][-]{section.8.1}{\376\377\000W\000h\000a\000t\000\040\000i\000s\000\040\000a\000n\000\040\000i\000m\000a\000g\000e}{chapter.8}% 73
\BOOKMARK [2][-]{subsection.8.1.1}{\376\377\000R\000G\000B}{section.8.1}% 74
\BOOKMARK [2][-]{subsection.8.1.2}{\376\377\000R\000G\000B\000D}{section.8.1}% 75
\BOOKMARK [2][-]{subsection.8.1.3}{\376\377\000L\000i\000d\000a\000r}{section.8.1}% 76
\BOOKMARK [1][-]{section.8.2}{\376\377\000A\000I\000\040\000m\000o\000d\000e\000l\000s}{chapter.8}% 77
\BOOKMARK [2][-]{subsection.8.2.1}{\376\377\000Y\000O\000L\000O}{section.8.2}% 78
\BOOKMARK [2][-]{subsection.8.2.2}{\376\377\000S\000e\000g\000m\000e\000n\000t\000\040\000a\000n\000y\000t\000h\000i\000n\000g}{section.8.2}% 79
\BOOKMARK [1][-]{section.8.3}{\376\377\000T\000r\000a\000d\000i\000t\000i\000o\000n\000a\000l\000\040\000c\000o\000m\000p\000u\000t\000e\000r\000\040\000v\000i\000s\000i\000o\000n}{chapter.8}% 80
\BOOKMARK [2][-]{subsection.8.3.1}{\376\377\000A\000r\000u\000k\000o\000\040\000m\000a\000r\000k\000e\000r\000s\000\040\000a\000n\000d\000\040\000Q\000R\000\040\000c\000o\000d\000e\000s}{section.8.3}% 81
\BOOKMARK [2][-]{subsection.8.3.2}{\376\377\000T\000y\000p\000i\000c\000a\000l\000\040\000f\000i\000l\000t\000e\000r\000i\000n\000g\000\040\000s\000t\000e\000p\000s}{section.8.3}% 82
\BOOKMARK [0][-]{chapter.9}{\376\377\000V\000i\000s\000u\000a\000l\000i\000z\000a\000t\000i\000o\000n}{}% 83
\BOOKMARK [0][-]{appendix.A}{\376\377\000H\000a\000r\000d\000w\000a\000r\000e}{}% 84
\BOOKMARK [1][-]{section.A.1}{\376\377\000S\000u\000p\000p\000o\000r\000t\000a\000b\000l\000e\000\040\000h\000a\000r\000d\000w\000a\000r\000e}{appendix.A}% 85
\BOOKMARK [1][-]{section.A.2}{\376\377\000S\000u\000p\000p\000o\000r\000t\000e\000d\000\040\000h\000a\000r\000d\000w\000a\000r\000e}{appendix.A}% 86
\BOOKMARK [2][-]{subsection.A.2.1}{\376\377\000U\000n\000i\000v\000e\000r\000s\000a\000l\000\040\000r\000o\000b\000o\000t\000s\000'\000\040\000r\000o\000b\000o\000t\000s}{section.A.2}% 87
\BOOKMARK [1][-]{section.A.3}{\376\377\000R\000o\000b\000o\000t\000s\000\040\000w\000i\000t\000h\000\040\000R\000O\000S\0002\000\040\000d\000r\000i\000v\000e\000r\000s}{appendix.A}% 88
\BOOKMARK [2][-]{subsection.A.3.1}{\376\377\000A\000n\000\040\000o\000p\000i\000n\000i\000o\000n\000a\000t\000e\000d\000\040\000i\000n\000t\000r\000o\000d\000u\000c\000t\000i\000o\000n\000\040\000t\000o\000\040\000R\000O\000S}{section.A.3}% 89
\BOOKMARK [2][-]{subsection.A.3.2}{\376\377\000S\000M\000C\000-\000R\000O\000S\000\040\000i\000n\000t\000e\000g\000r\000a\000t\000i\000o\000n\000\040\000a\000p\000p\000r\000o\000a\000c\000h}{section.A.3}% 90
\BOOKMARK [2][-]{subsection.A.3.3}{\376\377\000K\000n\000o\000w\000n\000\040\000i\000s\000s\000u\000e\000s}{section.A.3}% 91
\BOOKMARK [2][-]{subsection.A.3.4}{\376\377\000H\000e\000r\000o\000n}{section.A.3}% 92
\BOOKMARK [2][-]{subsection.A.3.5}{\376\377\000A\000B\000B\000\040\000M\000o\000b\000i\000l\000e\000\040\000Y\000u\000M\000i}{section.A.3}% 93
\BOOKMARK [2][-]{subsection.A.3.6}{\376\377\000S\000l\000e\000i\000p\000n\000e\000r\000\040\000+\000\040\000Y\000u\000M\000i\000\040\000\050\000S\000L\000u\000M\000i\000\051}{section.A.3}% 94
\BOOKMARK [1][-]{section.A.4}{\376\377\000R\000o\000b\000o\000t\000\040\000c\000o\000n\000n\000e\000c\000t\000i\000o\000n\000\040\000\050\000n\000e\000t\000w\000o\000r\000k\000\051\000\040\000c\000h\000e\000c\000k\000l\000i\000s\000t}{appendix.A}% 95
\BOOKMARK [0][-]{appendix.B}{\376\377\000S\000i\000m\000u\000l\000a\000t\000i\000o\000n}{}% 96
\BOOKMARK [1][-]{subsection.B.0.1}{\376\377\000W\000h\000a\000t\000\040\000i\000s\000\040\000t\000h\000e\000\040\000p\000o\000i\000n\000t\000\040\000o\000f\000\040\000p\000h\000y\000s\000i\000c\000s\000\040\000s\000i\000m\000u\000l\000a\000t\000i\000o\000n\000?}{appendix.B}% 97
\BOOKMARK [2][-]{subsection.B.0.2}{\376\377\000H\000o\000w\000\040\000t\000o\000\040\000t\000e\000s\000t\000\040\000c\000o\000n\000t\000r\000o\000l\000l\000e\000r\000s\000?}{subsection.B.0.1}% 98
\BOOKMARK [2][-]{subsection.B.0.3}{\376\377\000H\000o\000w\000\040\000t\000o\000\040\000p\000r\000e\000p\000a\000r\000e\000\040\000f\000o\000r\000\040\000a\000\040\000h\000a\000r\000d\000w\000a\000r\000e\000\040\000e\000x\000p\000e\000r\000i\000m\000e\000n\000t}{subsection.B.0.1}% 99
\BOOKMARK [2][-]{subsection.B.0.4}{\376\377\000I\000n\000t\000e\000g\000r\000a\000t\000i\000n\000g\000\040\000S\000M\000C\000\040\000w\000i\000t\000h\000\040\000a\000\040\000p\000h\000y\000s\000i\000c\000s\000\040\000s\000i\000m\000u\000l\000a\000t\000o\000r}{subsection.B.0.1}% 100
